└ Search ──────────────────────────────────────────────────┘
┌ Processes [0] [view: score] [Space: toggle, a: rec, A: al┐
│No process candidates found                               │
│                                                          │
│                                                          │
│                                                          │
│                                                          │
│                                                          │
│                                                          │
│                                                          │
│                                                          │
│                                                          │
│                                                          │
│                                                          │
│                                                          │
│                                                          │
│                                                          │
│                                                          │
└──────────────────────────────────────────────────────────┘
Ready │ [Normal] │ ?: help  e: execute  r: refresh  q: quit 