┌ Search ──────────────────────────────────────────────────────────────────────────────────────────────────────────────────────────────────┐
│Search processes...                                                                                                                       │
└──────────────────────────────────────────────────────────────────────────────────────────────────────────────────────────────────────────┘
┌ Processes [1] [view: score] [Space: toggle, a: rec, A: all, u: clear, x: invert, ┐┌ Detail ──────────────────────────────────────────────┐
│[ ]│PID     │Score ▼│Class   │Runtime  │Memory  │Command                          ││PID: 4242  Class: KILL                                │
│☐  │4242    │91     │KILL    │3h 12m   │1.2 GB  │node dev server                  ││Command: node dev server                              │
│                                                                                  ││Selected: no                                          │
│                                                                                  ││                                                      │
│                                                                                  ││Score: 91  Runtime: 3h 12m                            │
│                                                                                  ││Memory: 1.2 GB                                        │
│                                                                                  ││                                                      │
│                                                                                  ││                                                      │
│                                                                                  ││Galaxy Brain                                          │
│                                                                                  ││• math ledger pending                                 │
│                                                                                  ││• posterior odds pending                              │
│                                                                                  ││                                                      │
│                                                                                  ││                                                      │
│                                                                                  ││                                                      │
│                                                                                  ││                                                      │
│                                                                                  ││                                                      │
│                                                                                  ││                                                      │
│                                                                                  ││                                                      │
│                                                                                  ││                                                      │
│                                                                                  ││                                                      │
│                                                                                  ││                                                      │
│                                                                                  ││                                                      │
│                                                                                  ││                                                      │
│                                                                                  ││                                                      │
│                                                                                  ││                                                      │
│                                                                                  ││                                                      │
│                                                                                  ││                                                      │
│                                                                                  ││                                                      │
│                                                                                  ││                                                      │
│                                                                                  ││                                                      │
│                                                                                  ││                                                      │
│                                                                                  ││Notes                                                 │
│                                                                                  ││• press g to toggle                                   │
│                                                                                  ││                                                      │
└──────────────────────────────────────────────────────────────────────────────────┘└──────────────────────────────────────────────────────┘
Ready │ [Normal] │ ?: help  e: execute  r: refresh  q: quit                                                                                 